// Jest Snapshot v1, https://goo.gl/fbAQLP

exports[`<Button /> should render correctly 1`] = `
<button
  class="btn btn__primary btn__medium"
  type="button"
>
  Simple button
</button>
`;
